
> panaccordeon@1.0.0 build
> gatsby build

success compile gatsby files - 4.312s

[2K[1A[2K[Gsuccess load gatsby config - 0.362s

[2K[1A[2K[Gwarn Plugin gatsby-plugin-sass is not compatible with your gatsby version 5.15.0
 - It requires gatsby@^4.0.0-next

[2K[1A[2K[Gwarn Plugin gatsby-plugin-sass is not compatible with your gatsby version 5.15.0
 - It requires gatsby@^4.0.0-next

[2K[1A[2K[Gsuccess load plugins - 2.532s

[2K[1A[2K[Gwarn gatsby-plugin-react-helmet: Gatsby now has built-in support for modifying
the document head. Learn more at https://gatsby.dev/gatsby-head

[2K[1A[2K[Gsuccess onPreInit - 0.010s

[2K[1A[2K[Gsuccess initialize cache - 0.148s

[2K[1A[2K[Gsuccess copy gatsby files - 0.406s

[2K[1A[2K[Gsuccess Compiling Gatsby Functions - 0.670s

[2K[1A[2K[Gsuccess onPreBootstrap - 0.734s

[2K[1A[2K[Gsuccess createSchemaCustomization - 0.013s

[2K[1A[2K[Gsuccess Checking for changed pages - 0.002s

[2K[1A[2K[Gsuccess source and transform nodes - 1.099s

[2K[1A[2K[Ginfo Writing GraphQL type definitions to C:/dev/panaccordeon/.cache/schema.gql

[2K[1A[2K[Gsuccess building schema - 0.990s

[2K[1A[2K[GSkipping

[2K[1A[2K[GCreating 4 pages

[2K[1A[2K[GCreating 1 infoPages

[2K[1A[2K[GCreating 19 posts

[2K[1A[2K[GCreating 6 postCategories

[2K[1A[2K[Gsuccess createPages - 0.286s

[2K[1A[2K[Gsuccess createPagesStatefully - 0.278s

[2K[1A[2K[Ginfo Total nodes: 156, SitePage nodes: 32 (use --verbose for breakdown)

[2K[1A[2K[Gsuccess Checking for changed pages - 0.001s

[2K[1A[2K[Gsuccess onPreExtractQueries - 0.001s

[2K[1A[2K[Gwarn Deprecated syntax of sort and/or aggregation field arguments were found in
your query (see https://gatsby.dev/graphql-nested-sort-and-aggregate). Query was
 automatically converted to a new syntax. You should update query in your code.

File: C:/dev/panaccordeon/src/components/Layout.js

Current query:

query IndexLayoutQuery {
  settingsYaml {
    siteTitle
    siteDescription
    googleTrackingId
    socialMediaCard {
      image
    }
  }
  allPosts: allMarkdownRemark(
    filter: {fields: {contentType: {eq: "postCategories"}}}
    sort: {order: DESC, fields: [frontmatter___date]}
  ) {
    edges {
      node {
        fields {
          slug
        }
        frontmatter {
          title
          order
        }
      }
    }
  }
}

Converted query:

query IndexLayoutQuery {
  settingsYaml {
    siteTitle
    siteDescription
    googleTrackingId
    socialMediaCard {
      image
    }
  }
  allPosts: allMarkdownRemark(
    filter: {fields: {contentType: {eq: "postCategories"}}}
    sort: {frontmatter: {date: DESC}}
  ) {
    edges {
      node {
        fields {
          slug
        }
        frontmatter {
          title
          order
        }
      }
    }
  }
}

[2K[1A[2K[Gwarn Deprecated syntax of sort and/or aggregation field arguments were found in
your query (see https://gatsby.dev/graphql-nested-sort-and-aggregate). Query was
 automatically converted to a new syntax. You should update query in your code.

File: C:/dev/panaccordeon/src/templates/BlogIndex.js

Current query:

query BlogIndex($id: String!) {
  page: markdownRemark(id: {eq: $id}) {
    frontmatter {
      meta {
        title
        description
        noindex
        canonicalLink
      }
    }
    fields {
      contentType
    }
    frontmatter {
      title
      excerpt
      template
      subtitle
      featuredImage
    }
  }
  posts: allMarkdownRemark(
    filter: {fields: {contentType: {eq: "posts"}}}
    sort: {order: DESC, fields: [frontmatter___date]}
  ) {
    edges {
      node {
        excerpt
        fields {
          slug
        }
        frontmatter {
          title
          date
          categories {
            category
          }
          featuredImage
        }
      }
    }
  }
  postCategories: allMarkdownRemark(
    filter: {fields: {contentType: {eq: "postCategories"}}}
    sort: {order: ASC, fields: [frontmatter___title]}
  ) {
    edges {
      node {
        fields {
          slug
        }
        frontmatter {
          title
          order
        }
      }
    }
  }
}

Converted query:

query BlogIndex($id: String!) {
  page: markdownRemark(id: {eq: $id}) {
    frontmatter {
      meta {
        title
        description
        noindex
        canonicalLink
      }
    }
    fields {
      contentType
    }
    frontmatter {
      title
      excerpt
      template
      subtitle
      featuredImage
    }
  }
  posts: allMarkdownRemark(
    filter: {fields: {contentType: {eq: "posts"}}}
    sort: {frontmatter: {date: DESC}}
  ) {
    edges {
      node {
        excerpt
        fields {
          slug
        }
        frontmatter {
          title
          date
          categories {
            category
          }
          featuredImage
        }
      }
    }
  }
  postCategories: allMarkdownRemark(
    filter: {fields: {contentType: {eq: "postCategories"}}}
    sort: {frontmatter: {title: ASC}}
  ) {
    edges {
      node {
        fields {
          slug
        }
        frontmatter {
          title
          order
        }
      }
    }
  }
}

[2K[1A[2K[Gwarn Deprecated syntax of sort and/or aggregation field arguments were found in
your query (see https://gatsby.dev/graphql-nested-sort-and-aggregate). Query was
 automatically converted to a new syntax. You should update query in your code.

File: C:/dev/panaccordeon/src/templates/SinglePost.js

Current query:

query SinglePost($id: String!) {
  post: markdownRemark(id: {eq: $id}) {
    frontmatter {
      meta {
        title
        description
        noindex
        canonicalLink
      }
      gallery {
        alt
        image
        title
      }
    }
    html
    id
    frontmatter {
      title
      template
      date(formatString: "MMMM Do, YYYY")
      featuredImage
      excerpt
      rightHandNotes
      rightHandReeds
      rightHandRegisters
      cassotto
      leftHandBass
      leftHandReeds
      leftHandRegisters
      specialFeatures
      weight
      dimensions
      categories {
        category
      }
    }
  }
  allPosts: allMarkdownRemark(
    filter: {fields: {contentType: {eq: "posts"}}}
    sort: {order: DESC, fields: [frontmatter___date]}
  ) {
    edges {
      node {
        id
      }
      next {
        fields {
          slug
        }
        frontmatter {
          title
        }
      }
      previous {
        fields {
          slug
        }
        frontmatter {
          title
        }
      }
    }
  }
}

Converted query:

query SinglePost($id: String!) {
  post: markdownRemark(id: {eq: $id}) {
    frontmatter {
      meta {
        title
        description
        noindex
        canonicalLink
      }
      gallery {
        alt
        image
        title
      }
    }
    html
    id
    frontmatter {
      title
      template
      date(formatString: "MMMM Do, YYYY")
      featuredImage
      excerpt
      rightHandNotes
      rightHandReeds
      rightHandRegisters
      cassotto
      leftHandBass
      leftHandReeds
      leftHandRegisters
      specialFeatures
      weight
      dimensions
      categories {
        category
      }
    }
  }
  allPosts: allMarkdownRemark(
    filter: {fields: {contentType: {eq: "posts"}}}
    sort: {frontmatter: {date: DESC}}
  ) {
    edges {
      node {
        id
      }
      next {
        fields {
          slug
        }
        frontmatter {
          title
        }
      }
      previous {
        fields {
          slug
        }
        frontmatter {
          title
        }
      }
    }
  }
}

[2K[1A[2K[Gsuccess extract queries from components - 3.052s

[2K[1A[2K[Gsuccess write out redirect data - 0.004s

[2K[1A[2K[Gsuccess onPostBootstrap - 0.002s

[2K[1A[2K[Ginfo bootstrap finished - 19.742s

[2K[1A[2K[Gsuccess write out requires - 0.054s

[2K[1A[2K[G
 ERROR #11321  API.NODE.EXECUTION

"gatsby-plugin-netlify-cms" threw an error while running the
onCreateWebpackConfig lifecycle:

Module build failed (from ./node_modules/gatsby/dist/utils/babel-loader.js):
SyntaxError: C:\dev\panaccordeon\src\components\Gallery.js: Missing semicolon.
(69:21)

[0m [90m 67 |[39m       )
 [90m 68 |[39m
[31m[1m>[22m[39m[90m 69 |[39m   componentDidMount() {
 [90m    |[39m                      [31m[1m^[22m[39m
 [90m 70 |[39m     [36mconst[39m { images } [33m=[39m [36mthis[39m[33m.[39mprops
 [90m 71 |[39m     [36mif[39m ([33m![39mimages [33m||[39m images[33m.[39mlength [33m===[39m [35m0[39m) {
 [90m 72 |[39m       [36mthis[39m[33m.[39msetState({ loaded[33m:[39m [36mtrue[39m })[0m
    at constructor
(C:\dev\panaccordeon\node_modules\@babel\parser\lib\index.js:367:19)
    at JSXParserMixin.raise
(C:\dev\panaccordeon\node_modules\@babel\parser\lib\index.js:6624:19)
    at JSXParserMixin.semicolon
(C:\dev\panaccordeon\node_modules\@babel\parser\lib\index.js:6920:10)
    at JSXParserMixin.parseExpressionStatement
(C:\dev\panaccordeon\node_modules\@babel\parser\lib\index.js:13361:10)
    at JSXParserMixin.parseStatementContent
(C:\dev\panaccordeon\node_modules\@babel\parser\lib\index.js:12975:19)
    at JSXParserMixin.parseStatementLike
(C:\dev\panaccordeon\node_modules\@babel\parser\lib\index.js:12843:17)
    at JSXParserMixin.parseStatementListItem
(C:\dev\panaccordeon\node_modules\@babel\parser\lib\index.js:12823:17)
    at JSXParserMixin.parseBlockOrModuleBlockBody
(C:\dev\panaccordeon\node_modules\@babel\parser\lib\index.js:13392:61)
    at JSXParserMixin.parseBlockBody
(C:\dev\panaccordeon\node_modules\@babel\parser\lib\index.js:13385:10)
    at JSXParserMixin.parseBlock
(C:\dev\panaccordeon\node_modules\@babel\parser\lib\index.js:13373:10)
    at JSXParserMixin.parseFunctionBody
(C:\dev\panaccordeon\node_modules\@babel\parser\lib\index.js:12174:24)
    at JSXParserMixin.parseArrowExpression
(C:\dev\panaccordeon\node_modules\@babel\parser\lib\index.js:12149:10)
    at JSXParserMixin.parseParenAndDistinguishExpression
(C:\dev\panaccordeon\node_modules\@babel\parser\lib\index.js:11759:12)
    at JSXParserMixin.parseExprAtom
(C:\dev\panaccordeon\node_modules\@babel\parser\lib\index.js:11395:23)
    at JSXParserMixin.parseExprAtom
(C:\dev\panaccordeon\node_modules\@babel\parser\lib\index.js:4793:20)
    at JSXParserMixin.parseExprSubscripts
(C:\dev\panaccordeon\node_modules\@babel\parser\lib\index.js:11145:23)
    at JSXParserMixin.parseUpdate
(C:\dev\panaccordeon\node_modules\@babel\parser\lib\index.js:11130:21)
    at JSXParserMixin.parseMaybeUnary
(C:\dev\panaccordeon\node_modules\@babel\parser\lib\index.js:11110:23)
    at JSXParserMixin.parseMaybeUnaryOrPrivate
(C:\dev\panaccordeon\node_modules\@babel\parser\lib\index.js:10963:61)
    at JSXParserMixin.parseExprOps
(C:\dev\panaccordeon\node_modules\@babel\parser\lib\index.js:10968:23)
    at JSXParserMixin.parseMaybeConditional
(C:\dev\panaccordeon\node_modules\@babel\parser\lib\index.js:10945:23)
    at JSXParserMixin.parseMaybeAssign
(C:\dev\panaccordeon\node_modules\@babel\parser\lib\index.js:10895:21)
    at C:\dev\panaccordeon\node_modules\@babel\parser\lib\index.js:10864:39
    at JSXParserMixin.allowInAnd
(C:\dev\panaccordeon\node_modules\@babel\parser\lib\index.js:12495:16)
    at JSXParserMixin.parseMaybeAssignAllowIn
(C:\dev\panaccordeon\node_modules\@babel\parser\lib\index.js:10864:17)
    at JSXParserMixin.parseInitializer
(C:\dev\panaccordeon\node_modules\@babel\parser\lib\index.js:13834:38)
    at JSXParserMixin.parseClassProperty
(C:\dev\panaccordeon\node_modules\@babel\parser\lib\index.js:13821:10)
    at JSXParserMixin.pushClassProperty
(C:\dev\panaccordeon\node_modules\@babel\parser\lib\index.js:13785:30)
    at JSXParserMixin.parseClassMemberWithIsStatic
(C:\dev\panaccordeon\node_modules\@babel\parser\lib\index.js:13696:14)
    at JSXParserMixin.parseClassMember
(C:\dev\panaccordeon\node_modules\@babel\parser\lib\index.js:13639:10)
    at C:\dev\panaccordeon\node_modules\@babel\parser\lib\index.js:13593:14
    at JSXParserMixin.withSmartMixTopicForbiddingContext
(C:\dev\panaccordeon\node_modules\@babel\parser\lib\index.js:12477:14)
    at JSXParserMixin.parseClassBody
(C:\dev\panaccordeon\node_modules\@babel\parser\lib\index.js:13575:10)
    at JSXParserMixin.parseClass
(C:\dev\panaccordeon\node_modules\@babel\parser\lib\index.js:13550:22)
    at JSXParserMixin.parseExportDefaultExpression
(C:\dev\panaccordeon\node_modules\@babel\parser\lib\index.js:13990:19)
    at JSXParserMixin.parseExport
(C:\dev\panaccordeon\node_modules\@babel\parser\lib\index.js:13904:25)
    at JSXParserMixin.parseStatementContent
(C:\dev\panaccordeon\node_modules\@babel\parser\lib\index.js:12954:27)
    at JSXParserMixin.parseStatementLike
(C:\dev\panaccordeon\node_modules\@babel\parser\lib\index.js:12843:17)
    at JSXParserMixin.parseModuleItem
(C:\dev\panaccordeon\node_modules\@babel\parser\lib\index.js:12820:17)
    at JSXParserMixin.parseBlockOrModuleBlockBody
(C:\dev\panaccordeon\node_modules\@babel\parser\lib\index.js:13392:36)
    at JSXParserMixin.parseBlockBody
(C:\dev\panaccordeon\node_modules\@babel\parser\lib\index.js:13385:10)
    at JSXParserMixin.parseProgram
(C:\dev\panaccordeon\node_modules\@babel\parser\lib\index.js:12698:10)
    at JSXParserMixin.parseTopLevel
(C:\dev\panaccordeon\node_modules\@babel\parser\lib\index.js:12688:25)
    at JSXParserMixin.parse
(C:\dev\panaccordeon\node_modules\@babel\parser\lib\index.js:14568:25)
    at parse
(C:\dev\panaccordeon\node_modules\@babel\parser\lib\index.js:14581:26)
    at parser
(C:\dev\panaccordeon\node_modules\@babel\core\lib\parser\index.js:41:34)
    at parser.next (<anonymous>)
    at normalizeFile (C:\dev\panaccordeon\node_modules\@babel\core\lib\transform
ation\normalize-file.js:64:37)
    at normalizeFile.next (<anonymous>)
    at run
(C:\dev\panaccordeon\node_modules\@babel\core\lib\transformation\index.js:22:50)


[2K[1A[2K[G
[0m
[0m  [0m[97m[41mModuleBuildError[0m[37m[41m:[0m[37m[41m [0m[97m[41mModule build failed (from ./node_modules/gatsby/dist/utils/b[0m
  [0m[97m[41mabel-loader.js):[0m
[0m  [0m[97m[41mSyntaxError: C:\dev\panaccordeon\src\components\Gallery.js: Missing semicolon.[0m
  [0m[97m[41m (69:21)[0m
[0m  [0m[97m[41m[0m [90m 67 |[39m       )[0m
[0m  [0m[97m[41m [90m 68 |[39m[0m
[0m  [0m[97m[41m[31m[1m>[22m[39m[90m 69 |[39m   componentDidMount() {[0m
[0m  [0m[97m[41m [90m    |[39m                      [31m[1m^[22m[39m[0m
[0m  [0m[97m[41m [90m 70 |[39m     [36mconst[39m { images } [33m=[39m [36mthis[39m[33[0m  [0m[97m[41mm.[39mprops[0m
[0m  [0m[97m[41m [90m 71 |[39m     [36mif[39m ([33m![39mimages [33m||[39m images[33m.[0m  [0m[97m[41m[39mlength [33m===[39m [35m0[39m) {[0m
[0m  [0m[97m[41m [90m 72 |[39m       [36mthis[39m[33m.[39msetState({ loaded[33m:[39m [0m  [0m[97m[41m[36mtrue[39m })[0m[0m
[0m  [0m
[0m  [0m[90m-[0m [0m[93mindex.js[0m[90m:[0m[93m367[0m[37m [0m[37mconstructor[0m
[0m  [0m  [0m[90m[panaccordeon]/[@babel]/parser/lib/index.js:367:19[0m
[0m  [0m
[0m  [0m[90m-[0m [0m[93mindex.js[0m[90m:[0m[93m6624[0m[37m [0m[37mJSXParserMixin.raise[0m
[0m  [0m  [0m[90m[panaccordeon]/[@babel]/parser/lib/index.js:6624:19[0m
[0m  [0m
[0m  [0m[90m-[0m [0m[93mindex.js[0m[90m:[0m[93m6920[0m[37m [0m[37mJSXParserMixin.semicolon[0m
[0m  [0m  [0m[90m[panaccordeon]/[@babel]/parser/lib/index.js:6920:10[0m
[0m  [0m
[0m  [0m[90m-[0m [0m[93mindex.js[0m[90m:[0m[93m13361[0m[37m [0m[37mJSXParserMixin.parseExpressionStatement[0m
[0m  [0m  [0m[90m[panaccordeon]/[@babel]/parser/lib/index.js:13361:10[0m
[0m  [0m
[0m  [0m[90m-[0m [0m[93mindex.js[0m[90m:[0m[93m12975[0m[37m [0m[37mJSXParserMixin.parseStatementContent[0m
[0m  [0m  [0m[90m[panaccordeon]/[@babel]/parser/lib/index.js:12975:19[0m
[0m  [0m
[0m  [0m[90m-[0m [0m[93mindex.js[0m[90m:[0m[93m12843[0m[37m [0m[37mJSXParserMixin.parseStatementLike[0m
[0m  [0m  [0m[90m[panaccordeon]/[@babel]/parser/lib/index.js:12843:17[0m
[0m  [0m
[0m  [0m[90m-[0m [0m[93mindex.js[0m[90m:[0m[93m12823[0m[37m [0m[37mJSXParserMixin.parseStatementListItem[0m
[0m  [0m  [0m[90m[panaccordeon]/[@babel]/parser/lib/index.js:12823:17[0m
[0m  [0m
[0m  [0m[90m-[0m [0m[93mindex.js[0m[90m:[0m[93m13392[0m[37m [0m[37mJSXParserMixin.parseBlockOrModuleBlockBody[0m
[0m  [0m  [0m[90m[panaccordeon]/[@babel]/parser/lib/index.js:13392:61[0m
[0m  [0m
[0m  [0m[90m-[0m [0m[93mindex.js[0m[90m:[0m[93m13385[0m[37m [0m[37mJSXParserMixin.parseBlockBody[0m
[0m  [0m  [0m[90m[panaccordeon]/[@babel]/parser/lib/index.js:13385:10[0m
[0m  [0m
[0m  [0m[90m-[0m [0m[93mindex.js[0m[90m:[0m[93m13373[0m[37m [0m[37mJSXParserMixin.parseBlock[0m
[0m  [0m  [0m[90m[panaccordeon]/[@babel]/parser/lib/index.js:13373:10[0m
[0m  [0m
[0m  [0m[90m-[0m [0m[93mindex.js[0m[90m:[0m[93m12174[0m[37m [0m[37mJSXParserMixin.parseFunctionBody[0m
[0m  [0m  [0m[90m[panaccordeon]/[@babel]/parser/lib/index.js:12174:24[0m
[0m  [0m
[0m  [0m[90m-[0m [0m[93mindex.js[0m[90m:[0m[93m12149[0m[37m [0m[37mJSXParserMixin.parseArrowExpression[0m
[0m  [0m  [0m[90m[panaccordeon]/[@babel]/parser/lib/index.js:12149:10[0m
[0m  [0m
[0m  [0m[90m-[0m [0m[93mindex.js[0m[90m:[0m[93m11759[0m[37m [0m[37mJSXParserMixin.parseParenAndDistinguishExpression[0m
[0m  [0m  [0m[90m[panaccordeon]/[@babel]/parser/lib/index.js:11759:12[0m
[0m  [0m
[0m  [0m[90m-[0m [0m[93mindex.js[0m[90m:[0m[93m11395[0m[37m [0m[37mJSXParserMixin.parseExprAtom[0m
[0m  [0m  [0m[90m[panaccordeon]/[@babel]/parser/lib/index.js:11395:23[0m
[0m  [0m
[0m  [0m[90m-[0m [0m[93mindex.js[0m[90m:[0m[93m4793[0m[37m [0m[37mJSXParserMixin.parseExprAtom[0m
[0m  [0m  [0m[90m[panaccordeon]/[@babel]/parser/lib/index.js:4793:20[0m
[0m  [0m
[0m  [0m[90m-[0m [0m[93mindex.js[0m[90m:[0m[93m11145[0m[37m [0m[37mJSXParserMixin.parseExprSubscripts[0m
[0m  [0m  [0m[90m[panaccordeon]/[@babel]/parser/lib/index.js:11145:23[0m
[0m  [0m
[0m  [0m[90m-[0m [0m[93mindex.js[0m[90m:[0m[93m11130[0m[37m [0m[37mJSXParserMixin.parseUpdate[0m
[0m  [0m  [0m[90m[panaccordeon]/[@babel]/parser/lib/index.js:11130:21[0m
[0m  [0m
[0m  [0m[90m-[0m [0m[93mindex.js[0m[90m:[0m[93m11110[0m[37m [0m[37mJSXParserMixin.parseMaybeUnary[0m
[0m  [0m  [0m[90m[panaccordeon]/[@babel]/parser/lib/index.js:11110:23[0m
[0m  [0m
[0m  [0m[90m-[0m [0m[93mindex.js[0m[90m:[0m[93m10963[0m[37m [0m[37mJSXParserMixin.parseMaybeUnaryOrPrivate[0m
[0m  [0m  [0m[90m[panaccordeon]/[@babel]/parser/lib/index.js:10963:61[0m
[0m  [0m
[0m  [0m[90m-[0m [0m[93mindex.js[0m[90m:[0m[93m10968[0m[37m [0m[37mJSXParserMixin.parseExprOps[0m
[0m  [0m  [0m[90m[panaccordeon]/[@babel]/parser/lib/index.js:10968:23[0m
[0m  [0m
[0m  [0m[90m-[0m [0m[93mindex.js[0m[90m:[0m[93m10945[0m[37m [0m[37mJSXParserMixin.parseMaybeConditional[0m
[0m  [0m  [0m[90m[panaccordeon]/[@babel]/parser/lib/index.js:10945:23[0m
[0m  [0m
[0m  [0m[90m-[0m [0m[93mindex.js[0m[90m:[0m[93m10895[0m[37m [0m[37mJSXParserMixin.parseMaybeAssign[0m
[0m  [0m  [0m[90m[panaccordeon]/[@babel]/parser/lib/index.js:10895:21[0m
[0m  [0m
[0m  [0m[90m-[0m [0m[93mindex.js[0m[90m:[0m[93m10864[0m[37m [0m
[0m  [0m  [0m[90m[panaccordeon]/[@babel]/parser/lib/index.js:10864:39[0m
[0m  [0m
[0m  [0m[90m-[0m [0m[93mindex.js[0m[90m:[0m[93m12495[0m[37m [0m[37mJSXParserMixin.allowInAnd[0m
[0m  [0m  [0m[90m[panaccordeon]/[@babel]/parser/lib/index.js:12495:16[0m
[0m  [0m
[0m  [0m[90m-[0m [0m[93mindex.js[0m[90m:[0m[93m10864[0m[37m [0m[37mJSXParserMixin.parseMaybeAssignAllowIn[0m
[0m  [0m  [0m[90m[panaccordeon]/[@babel]/parser/lib/index.js:10864:17[0m
[0m  [0m
[0m  [0m[90m-[0m [0m[93mindex.js[0m[90m:[0m[93m13834[0m[37m [0m[37mJSXParserMixin.parseInitializer[0m
[0m  [0m  [0m[90m[panaccordeon]/[@babel]/parser/lib/index.js:13834:38[0m
[0m  [0m
[0m  [0m[90m-[0m [0m[93mindex.js[0m[90m:[0m[93m13821[0m[37m [0m[37mJSXParserMixin.parseClassProperty[0m
[0m  [0m  [0m[90m[panaccordeon]/[@babel]/parser/lib/index.js:13821:10[0m
[0m  [0m
[0m  [0m[90m-[0m [0m[93mindex.js[0m[90m:[0m[93m13785[0m[37m [0m[37mJSXParserMixin.pushClassProperty[0m
[0m  [0m  [0m[90m[panaccordeon]/[@babel]/parser/lib/index.js:13785:30[0m
[0m  [0m
[0m  [0m[90m-[0m [0m[93mindex.js[0m[90m:[0m[93m13696[0m[37m [0m[37mJSXParserMixin.parseClassMemberWithIsStatic[0m
[0m  [0m  [0m[90m[panaccordeon]/[@babel]/parser/lib/index.js:13696:14[0m
[0m  [0m
[0m  [0m[90m-[0m [0m[93mindex.js[0m[90m:[0m[93m13639[0m[37m [0m[37mJSXParserMixin.parseClassMember[0m
[0m  [0m  [0m[90m[panaccordeon]/[@babel]/parser/lib/index.js:13639:10[0m
[0m  [0m
[0m  [0m[90m-[0m [0m[93mindex.js[0m[90m:[0m[93m13593[0m[37m [0m
[0m  [0m  [0m[90m[panaccordeon]/[@babel]/parser/lib/index.js:13593:14[0m
[0m  [0m
[0m  [0m[90m-[0m [0m[93mindex.js[0m[90m:[0m[93m12477[0m[37m [0m[37mJSXParserMixin.withSmartMixTopicForbiddingContext[0m
[0m  [0m  [0m[90m[panaccordeon]/[@babel]/parser/lib/index.js:12477:14[0m
[0m  [0m
[0m  [0m[90m-[0m [0m[93mindex.js[0m[90m:[0m[93m13575[0m[37m [0m[37mJSXParserMixin.parseClassBody[0m
[0m  [0m  [0m[90m[panaccordeon]/[@babel]/parser/lib/index.js:13575:10[0m
[0m  [0m
[0m  [0m[90m-[0m [0m[93mindex.js[0m[90m:[0m[93m13550[0m[37m [0m[37mJSXParserMixin.parseClass[0m
[0m  [0m  [0m[90m[panaccordeon]/[@babel]/parser/lib/index.js:13550:22[0m
[0m  [0m
[0m  [0m[90m-[0m [0m[93mindex.js[0m[90m:[0m[93m13990[0m[37m [0m[37mJSXParserMixin.parseExportDefaultExpression[0m
[0m  [0m  [0m[90m[panaccordeon]/[@babel]/parser/lib/index.js:13990:19[0m
[0m  [0m
[0m  [0m[90m-[0m [0m[93mindex.js[0m[90m:[0m[93m13904[0m[37m [0m[37mJSXParserMixin.parseExport[0m
[0m  [0m  [0m[90m[panaccordeon]/[@babel]/parser/lib/index.js:13904:25[0m
[0m  [0m
[0m  [0m[90m-[0m [0m[93mindex.js[0m[90m:[0m[93m12954[0m[37m [0m[37mJSXParserMixin.parseStatementContent[0m
[0m  [0m  [0m[90m[panaccordeon]/[@babel]/parser/lib/index.js:12954:27[0m
[0m  [0m
[0m  [0m[90m-[0m [0m[93mindex.js[0m[90m:[0m[93m12843[0m[37m [0m[37mJSXParserMixin.parseStatementLike[0m
[0m  [0m  [0m[90m[panaccordeon]/[@babel]/parser/lib/index.js:12843:17[0m
[0m  [0m
[0m  [0m[90m-[0m [0m[93mindex.js[0m[90m:[0m[93m12820[0m[37m [0m[37mJSXParserMixin.parseModuleItem[0m
[0m  [0m  [0m[90m[panaccordeon]/[@babel]/parser/lib/index.js:12820:17[0m
[0m  [0m
[0m  [0m[90m-[0m [0m[93mindex.js[0m[90m:[0m[93m13392[0m[37m [0m[37mJSXParserMixin.parseBlockOrModuleBlockBody[0m
[0m  [0m  [0m[90m[panaccordeon]/[@babel]/parser/lib/index.js:13392:36[0m
[0m  [0m
[0m  [0m[90m-[0m [0m[93mindex.js[0m[90m:[0m[93m13385[0m[37m [0m[37mJSXParserMixin.parseBlockBody[0m
[0m  [0m  [0m[90m[panaccordeon]/[@babel]/parser/lib/index.js:13385:10[0m
[0m  [0m
[0m  [0m[90m-[0m [0m[93mindex.js[0m[90m:[0m[93m12698[0m[37m [0m[37mJSXParserMixin.parseProgram[0m
[0m  [0m  [0m[90m[panaccordeon]/[@babel]/parser/lib/index.js:12698:10[0m
[0m  [0m
[0m  [0m[90m-[0m [0m[93mindex.js[0m[90m:[0m[93m12688[0m[37m [0m[37mJSXParserMixin.parseTopLevel[0m
[0m  [0m  [0m[90m[panaccordeon]/[@babel]/parser/lib/index.js:12688:25[0m
[0m  [0m
[0m  [0m[90m-[0m [0m[93mindex.js[0m[90m:[0m[93m14568[0m[37m [0m[37mJSXParserMixin.parse[0m
[0m  [0m  [0m[90m[panaccordeon]/[@babel]/parser/lib/index.js:14568:25[0m
[0m  [0m
[0m  [0m[90m-[0m [0m[93mindex.js[0m[90m:[0m[93m14581[0m[37m [0m[37mparse[0m
[0m  [0m  [0m[90m[panaccordeon]/[@babel]/parser/lib/index.js:14581:26[0m
[0m  [0m
[0m  [0m[90m-[0m [0m[93mindex.js[0m[90m:[0m[93m41[0m[37m [0m[37mparser[0m
[0m  [0m  [0m[90m[panaccordeon]/[@babel]/core/lib/parser/index.js:41:34[0m
[0m  [0m
[0m  [0m[90m-[0m [0m[37mparser.next[0m
[0m  [0m
[0m  [0m[90m-[0m [0m[93mnormalize-file.js[0m[90m:[0m[93m64[0m[37m [0m[37mnormalizeFile[0m
[0m  [0m  [0m[90m[panaccordeon]/[@babel]/core/lib/transformation/normalize-file.js:64:37[0m
[0m  [0m
[0m  [0m[90m-[0m [0m[37mnormalizeFile.next[0m
[0m  [0m
[0m  [0m[90m-[0m [0m[93mindex.js[0m[90m:[0m[93m22[0m[37m [0m[37mrun[0m
[0m  [0m  [0m[90m[panaccordeon]/[@babel]/core/lib/transformation/index.js:22:50[0m
[0m  [0m
[0m  [0m[90m-[0m [0m[93mNormalModule.js[0m[90m:[0m[93m891[0m[37m [0m[37mprocessResult[0m
[0m  [0m  [0m[90m[panaccordeon]/[webpack]/lib/NormalModule.js:891:19[0m
[0m  [0m
[0m

[2K[1A[2K[Gnot finished Building production JavaScript and CSS bundles - 43.328s

